frames 7761, active 6471, sibilant 280, clearly non-sibilant 5714, in between 477

measure                                                 AUC | sibilant P10/P50/P90      | voiced P50/P90/P99
6.5 kHz band-pass / 9 kHz high-pass band (v1.3.2)     0.056 |   1.547   1.898   2.548 |   3.634   7.947  15.158
6.5 kHz band-pass / broadband                         0.985 |   0.174   0.591   0.826 |   0.076   0.118   0.236
4th order 4-9 kHz band-pass / broadband               0.991 |   0.109   0.390   0.594 |   0.025   0.050   0.128
3 kHz high-pass / broadband                           0.984 |   0.222   0.744   0.960 |   0.086   0.156   0.331
6.5 kHz band-pass / 3 kHz high-pass                   0.348 |   0.716   0.816   0.875 |   0.859   1.324   1.962
4th order 4-9 kHz band-pass / 100 Hz-1 kHz band       0.991 |   0.120   0.664   2.526 |   0.025   0.052   0.171

ramp on the 4th order band-pass / broadband ratio: mean value on sibilant frames, share above 0.5 | mean on voiced frames, share above 0.2 | mean on in-between frames, share of active frames above 0.2
(0.06, 0.30): 0.821 0.839 | 0.0083 0.0100 | 0.356 0.0875
(0.08, 0.35): 0.769 0.771 | 0.0059 0.0079 | 0.268 0.0720
(0.10, 0.40): 0.717 0.725 | 0.0044 0.0067 | 0.204 0.0615
(0.10, 0.50): 0.638 0.629 | 0.0032 0.0053 | 0.154 0.0536
(0.15, 0.45): 0.640 0.629 | 0.0029 0.0047 | 0.136 0.0493

SibilanceDetector output (frame mean): sibilant frames mean 0.756, share above 0.5 0.754 | voiced frames mean 0.0079, share above 0.2 0.0119 | in-between mean 0.273 | AUC 0.990

band level change of a rendered file over the recording, mean dB: sibilant frames | voiced frames
deess_v1.3.2_0.wav       3000-9000 Hz: 0.74 | 2.40;  9000-10700 Hz: -4.92 | -2.19
deess_v1.3.2_1.wav       3000-9000 Hz: 0.23 | 2.04;  9000-10700 Hz: 0.62 | 1.36
deess_0.wav              3000-9000 Hz: 0.96 | 1.19;  9000-10700 Hz: 1.52 | 3.05
deess_0.5.wav            3000-9000 Hz: 0.66 | 1.19;  9000-10700 Hz: 1.10 | 3.05
deess_1.wav              3000-9000 Hz: 0.37 | 1.19;  9000-10700 Hz: 0.65 | 3.04
