== A. Air band: change in output level of a tone inside the band, vs input level ==
(tone inside band; stage on vs air=0; deEss 0; columns: input dBFS | mid 5kHz boost15 blend.2 | blend1.0 | high 12kHz boost15 blend.2 | blend1.0)
 -90 |   3.21  13.38 |   3.65  13.45
 -84 |   3.21  13.38 |   3.65  13.44
 -78 |   3.21  13.38 |   3.65  13.44
 -72 |   3.20  13.38 |   3.65  13.44
 -66 |   3.20  13.37 |   3.65  13.43
 -60 |   3.19  13.35 |   3.64  13.42
 -54 |   3.18  13.32 |   3.62  13.39
 -48 |   3.15  13.26 |   3.60  13.33
 -42 |   3.09  13.14 |   3.54  13.22
 -36 |   2.98  12.90 |   3.43  13.00
 -30 |   2.76  12.41 |   3.22  12.53
 -24 |   2.34  11.40 |   2.80  11.58
 -18 |   1.61   9.25 |   2.05   9.58
 -12 |   0.61   4.71 |   0.92   5.35
  -6 |   0.01   0.03 |   0.02   0.10

== A2. Effective boost at the knob values, quietest content (-90 dBFS 5 kHz tone), by blend ==
blend 0.1:  knob  3.0 dB ->  0.07 dB  knob  6.0 dB ->  0.19 dB  knob 10.0 dB ->  0.49 dB  knob 15.0 dB ->  1.32 dB
blend 0.2:  knob  3.0 dB ->  0.15 dB  knob  6.0 dB ->  0.44 dB  knob 10.0 dB ->  1.21 dB  knob 15.0 dB ->  3.21 dB
blend 0.4:  knob  3.0 dB ->  0.35 dB  knob  6.0 dB ->  1.08 dB  knob 10.0 dB ->  2.96 dB  knob 15.0 dB ->  6.74 dB
blend 1.0:  knob  3.0 dB ->  1.13 dB  knob  6.0 dB ->  3.50 dB  knob 10.0 dB ->  7.75 dB  knob 15.0 dB -> 13.38 dB

== B. Gate: 1 kHz tone level change vs input level (amount .25 .5 1.0) ==
 -90 |   -4.50   -9.00  -18.00
 -85 |   -4.50   -9.00  -18.00
 -80 |   -4.50   -9.00  -18.00
 -75 |   -4.50   -9.00  -18.00
 -70 |   -4.50   -9.00  -18.00
 -65 |   -4.50   -9.00  -18.00
 -60 |   -4.50   -9.00  -15.27
 -55 |   -4.50   -9.00  -11.52
 -50 |   -4.44   -6.22   -7.77
 -45 |   -2.30   -3.22   -4.02
 -40 |   -0.15   -0.22   -0.27
 -35 |    0.00    0.00    0.00
 -30 |    0.00    0.00    0.00
 -25 |    0.00    0.00    0.00
 -20 |    0.00    0.00    0.00

== B2. Gate decay: -20 dBFS phrase for 1 s, then a -50 dBFS tail (breath level); output-minus-input dB per 100 ms of the tail, amount 1.0 ==
   0 ms:   0.00 dB
 100 ms:   0.00 dB
 200 ms:   0.00 dB
 300 ms:   0.00 dB
 400 ms:  -0.00 dB
 500 ms:  -1.25 dB
 600 ms:  -3.55 dB
 700 ms:  -5.49 dB
 800 ms:  -7.02 dB
 900 ms:  -7.75 dB
1000 ms:  -7.77 dB
1100 ms:  -7.77 dB
1200 ms:  -7.77 dB
1300 ms:  -7.77 dB
1400 ms:  -7.77 dB
1500 ms:  -7.77 dB
1600 ms:  -7.77 dB
1700 ms:  -7.77 dB
1800 ms:  -7.77 dB
1900 ms:  -7.77 dB

== B3. Gate with a 60 Hz rumble at -45 dBFS under speech-level 1 kHz at -50 dBFS vs rumble alone ==
1 kHz -50 dBFS alone: -7.77 dB | with 60 Hz -45 dBFS: output-vs-input of whole mix -1.81 dB
(rumble alone at -45: -4.02 dB)

== C. Compressor: 1 kHz tone level change incl. makeup vs input level (amount .25 .5 1.0) ==
 -60 |    1.50    3.00    6.00
 -54 |    1.50    3.00    6.00
 -48 |    1.50    3.00    6.00
 -42 |    1.50    3.00    6.00
 -36 |    1.50    3.00    6.00
 -30 |    1.50    3.00    6.00
 -24 |    1.50    3.00    6.00
 -18 |    1.50    3.00    6.00
 -12 |   -0.74   -0.14    2.07
  -6 |   -3.32   -3.74   -2.43
   0 |   -5.89   -7.34   -6.93

== D. Sibilance ratio as AirBand forms it (6.5 kHz bandpass level / 9 kHz highpass band level, unclamped) ==
white noise (broadband)            ratio 0.572
noise 3-6 kHz (male sibilance)     ratio 2.070
noise 5-8 kHz (female sibilance)   ratio 1.387
noise 4-9 kHz                      ratio 1.333
noise 10-16 kHz (air)              ratio 0.336
sine 5 kHz                         ratio 3.244
sine 6.5 kHz                       ratio 2.356
sine 12 kHz                        ratio 0.425

== E. What the de-ess knob does to the 9 kHz+ band: output change of band noise, highAir 15, blend .2 ==
noise 5-8 kHz       deEss 0.0:   0.76 dB  deEss 0.5:   0.16 dB  deEss 1.0:  -0.00 dB
noise 10-16 kHz     deEss 0.0:   1.78 dB  deEss 0.5:   1.27 dB  deEss 1.0:   0.81 dB

== F. Mid band touches sibilance: 5-8 kHz noise through the mid band (midAir 15, blend .2), vs level ==
noise rms  -72.6 dBFS:  -0.09 dB
noise rms  -60.6 dBFS:  -0.12 dB
noise rms  -48.6 dBFS:  -0.21 dB
noise rms  -36.6 dBFS:  -0.52 dB
noise rms  -24.6 dBFS:  -1.04 dB
