== A. Air band: change in output level of a tone inside the band, vs input level ==
(tone inside band; stage on vs air=0; deEss 0; columns: input dBFS | mid 5kHz boost15 blend.2 | blend1.0 | high 12kHz boost15 blend.2 | blend1.0)
 -90 |   4.56  14.08 |   4.19  13.71
 -84 |   4.55  14.07 |   4.17  13.68
 -78 |   4.54  14.05 |   4.14  13.61
 -72 |   4.53  14.02 |   4.07  13.47
 -66 |   4.49  13.95 |   3.93  13.20
 -60 |   4.41  13.81 |   3.65  12.63
 -54 |   4.27  13.53 |   3.13  11.48
 -48 |   3.98  12.95 |   2.17   9.01
 -42 |   3.42  11.77 |   0.75   3.83
 -36 |   2.38   9.25 |   0.00   0.00
 -30 |   0.81   3.90 |   0.00   0.00
 -24 |   0.00   0.00 |   0.00   0.00
 -18 |   0.00   0.00 |   0.00   0.00
 -12 |   0.00   0.00 |   0.00   0.00
  -6 |   0.00   0.00 |   0.00   0.00

== A2. Effective boost at the knob values, quietest content (-90 dBFS 5 kHz tone), by blend ==
blend 0.1:  knob  3.0 dB ->  0.21 dB  knob  6.0 dB ->  0.52 dB  knob 10.0 dB ->  1.13 dB  knob 15.0 dB ->  2.40 dB
blend 0.2:  knob  3.0 dB ->  0.43 dB  knob  6.0 dB ->  1.04 dB  knob 10.0 dB ->  2.25 dB  knob 15.0 dB ->  4.56 dB
blend 0.4:  knob  3.0 dB ->  0.86 dB  knob  6.0 dB ->  2.07 dB  knob 10.0 dB ->  4.30 dB  knob 15.0 dB ->  7.95 dB
blend 1.0:  knob  3.0 dB ->  2.15 dB  knob  6.0 dB ->  4.86 dB  knob 10.0 dB ->  8.88 dB  knob 15.0 dB -> 14.08 dB

== B. Gate: 1 kHz tone level change vs input level (amount .25 .5 1.0) ==
 -90 |   -4.50   -9.00  -18.00
 -85 |   -4.50   -9.00  -18.00
 -80 |   -4.50   -9.00  -18.00
 -75 |   -4.50   -9.00  -18.00
 -70 |   -4.50   -9.00  -18.00
 -65 |   -4.50   -9.00  -18.00
 -60 |   -4.50   -9.00  -15.55
 -55 |   -4.50   -9.00  -11.80
 -50 |   -4.50   -6.44   -8.05
 -45 |   -2.46   -3.44   -4.30
 -40 |   -0.31   -0.44   -0.55
 -35 |    0.00    0.00    0.00
 -30 |    0.00    0.00    0.00
 -25 |    0.00    0.00    0.00
 -20 |    0.00    0.00    0.00

== B2. Gate decay: -20 dBFS phrase for 1 s, then a -50 dBFS tail (breath level); output-minus-input dB per 100 ms of the tail, amount 1.0 ==
   0 ms:  -0.00 dB
 100 ms:  -3.01 dB
 200 ms:  -6.26 dB
 300 ms:  -7.41 dB
 400 ms:  -7.83 dB
 500 ms:  -7.98 dB
 600 ms:  -8.04 dB
 700 ms:  -8.05 dB
 800 ms:  -8.05 dB
 900 ms:  -8.05 dB
1000 ms:  -8.05 dB
1100 ms:  -8.05 dB
1200 ms:  -8.05 dB
1300 ms:  -8.05 dB
1400 ms:  -8.05 dB
1500 ms:  -8.05 dB
1600 ms:  -8.05 dB
1700 ms:  -8.05 dB
1800 ms:  -8.05 dB
1900 ms:  -8.05 dB

== B3. Gate with a 60 Hz rumble at -45 dBFS under speech-level 1 kHz at -50 dBFS vs rumble alone ==
1 kHz -50 dBFS alone: -8.05 dB | with 60 Hz -45 dBFS: output-vs-input of whole mix -5.89 dB
(rumble alone at -45: -11.10 dB)

== C. Compressor: 1 kHz tone level change incl. makeup vs input level (amount .25 .5 1.0) ==
 -60 |    1.29    1.80    2.25
 -54 |    1.29    1.80    2.25
 -48 |    1.29    1.80    2.25
 -42 |    1.29    1.80    2.25
 -36 |    1.29    1.80    2.25
 -30 |    1.29    1.80    2.25
 -24 |    1.29    1.80    2.25
 -18 |    0.07    0.10    0.12
 -12 |   -2.50   -3.50   -4.38
  -6 |   -5.07   -7.10   -8.88
   0 |   -7.65  -10.70  -13.38

== D. Sibilance measure (SibilanceDetector output, 0 to 1) ==
white noise (broadband)            1.000
noise below 1.5 kHz (voiced)       0.000
noise 3-6 kHz (male sibilance)     1.000
noise 5-8 kHz (female sibilance)   1.000
noise 4-9 kHz                      1.000
noise 10-16 kHz (air)              0.139
sine 1 kHz                         0.000
sine 5 kHz                         1.000
sine 6.5 kHz                       1.000
sine 10 kHz                        0.372
sine 12 kHz                        0.004

== E. What the de-ess knob does: output change of band noise at -66 dBFS rms (under the knees), Mid and High Air 15, blend .2 ==
noise 5-8 kHz         deEss 0.0:   5.19 dB  deEss 0.5:   2.70 dB  deEss 1.0:   0.00 dB
noise 10-16 kHz       deEss 0.0:   8.01 dB  deEss 0.5:   7.63 dB  deEss 1.0:   7.23 dB
noise below 1.5 kHz   deEss 0.0:  -0.49 dB  deEss 0.5:  -0.49 dB  deEss 1.0:  -0.49 dB

== F. Mid band on sibilance: 5-8 kHz noise through the mid band (midAir 15, blend .2), vs level, De-Ess 0 and 1 ==
noise rms  -72.6 dBFS:   4.97 dB |   0.00 dB
noise rms  -60.6 dBFS:   4.69 dB |   0.00 dB
noise rms  -48.6 dBFS:   3.65 dB |   0.00 dB
noise rms  -36.6 dBFS:   0.53 dB |   0.00 dB
noise rms  -24.6 dBFS:   0.00 dB |   0.00 dB
