samples 6845376 (155.2 s)

Envelope level in dBFS (AirBand's own detector), percentiles 5/25/50/75/90/95/99 and the largest value
broadband          -50.7   -26.1   -20.4   -17.0   -14.9   -13.7   -11.7    -9.1
3 kHz high-pass    -65.6   -44.7   -38.6   -34.7   -31.1   -28.7   -25.2   -20.0
9 kHz high-pass    -78.6   -56.3   -50.6   -46.6   -43.0   -40.3   -33.3   -27.9

Samples whose broadband envelope exceeds -50 dBFS: 94.8% of the recording
3 kHz high-pass    -54.8   -43.4   -38.2   -34.4   -30.9   -28.6   -25.2   -20.0
9 kHz high-pass    -66.3   -55.1   -50.1   -46.4   -42.9   -40.1   -33.2   -27.9

Fraction of the maximum boost applied (knee^2) over the active samples, by collapse threshold T
band  T dBFS | mean   P10   P50   P90 | spread (P10 minus P90)
mid       -6 |  0.94  0.89  0.95  0.99 | -0.10
mid      -14 |  0.86  0.73  0.88  0.97 | -0.23
mid      -20 |  0.74  0.51  0.77  0.94 | -0.43
mid      -26 |  0.55  0.18  0.57  0.87 | -0.69
mid      -32 |  0.32  0.00  0.26  0.76 | -0.76
mid      -38 |  0.15  0.00  0.00  0.55 | -0.55
mid      -44 |  0.06  0.00  0.00  0.24 | -0.24
high      -6 |  0.98  0.97  0.99  1.00 | -0.03
high     -14 |  0.96  0.93  0.97  0.99 | -0.06
high     -20 |  0.92  0.86  0.94  0.98 | -0.12
high     -26 |  0.85  0.73  0.88  0.97 | -0.23
high     -32 |  0.73  0.51  0.77  0.93 | -0.42
high     -38 |  0.55  0.18  0.57  0.87 | -0.68
high     -44 |  0.32  0.00  0.26  0.74 | -0.74

Gate and compressor: fraction of samples (all, then active) whose broadband envelope is below / above a level
below    -40 dBFS:  10.7% of all,   5.8% of active
below    -45 dBFS:   7.4% of all,   2.3% of active
below    -50 dBFS:   5.2% of all,   0.0% of active
below    -60 dBFS:   3.5% of all,   0.0% of active
above    -18 dBFS:  32.8% of all
above    -12 dBFS:   1.4% of all
above     -6 dBFS:   0.0% of all
